// Jest Snapshot v1, https://goo.gl/fbAQLP

exports[`matches snapshot 1`] = `
<div
  style={
    Object {
      "position": "relative",
    }
  }
>
  <img
    alt=""
    className="wallpaper"
    data-testid="component-poster"
    src="wallpaper.png"
  />
  <button
    className="MuiButtonBase-root MuiButton-root MuiButton-contained"
    disabled={false}
    onBlur={[Function]}
    onClick={[Function]}
    onDragLeave={[Function]}
    onFocus={[Function]}
    onKeyDown={[Function]}
    onKeyUp={[Function]}
    onMouseDown={[Function]}
    onMouseLeave={[Function]}
    onMouseUp={[Function]}
    onTouchEnd={[Function]}
    onTouchMove={[Function]}
    onTouchStart={[Function]}
    style={
      Object {
        "background": "#F67280",
        "border": "1px solid #F67280",
        "color": "#FFFFFF",
        "left": "70%",
        "position": "absolute",
        "top": "50%",
      }
    }
    tabIndex={0}
    type="button"
  >
    <span
      className="MuiButton-label"
    >
      Go To Site
    </span>
  </button>
  <a
    href="https://github.com/amanjaiswalofficial/infinity-reads-frontend/"
  >
    <button
      className="MuiButtonBase-root MuiButton-root MuiButton-text"
      disabled={false}
      onBlur={[Function]}
      onDragLeave={[Function]}
      onFocus={[Function]}
      onKeyDown={[Function]}
      onKeyUp={[Function]}
      onMouseDown={[Function]}
      onMouseLeave={[Function]}
      onMouseUp={[Function]}
      onTouchEnd={[Function]}
      onTouchMove={[Function]}
      onTouchStart={[Function]}
      style={
        Object {
          "border": "1px solid #F67280",
          "color": "#FFFFFF",
          "left": "79%",
          "position": "absolute",
          "top": "50%",
        }
      }
      tabIndex={0}
      type="button"
    >
      <span
        className="MuiButton-label"
      >
        Github
      </span>
    </button>
  </a>
</div>
`;
